*** Using Compiler 'V5.06 update 5 (build 528)', folder: 'C:\Keil_v5\ARM\ARMCC\Bin'
Build target 'gaochang_lift_2'
compiling app_w25qxx.c...
linking...
Program Size: Code=33602 RO-data=1870 RW-data=308 ZI-data=25684  
FromELF: creating hex file...
"gaochang_lift_2\gaochang_lift_2.axf" - 0 Error(s), 0 Warning(s).
Build Time Elapsed:  00:00:03
